// Jest Snapshot v1, https://goo.gl/fbAQLP

exports[`<Form /> should match the snapshot 1`] = `"<div class=\\"sc-bdVaJa hVPNmO\\"><form><div class=\\"row\\"><div class=\\"left\\"><label>First name: *</label><input type=\\"text\\" name=\\"firstname\\" required=\\"\\"/></div><div class=\\"right\\"><label>Last name: *</label><input type=\\"text\\" name=\\"surnamname\\" required=\\"\\"/></div></div><div class=\\"row\\"><div class=\\"left\\"><label>Email: *</label><input type=\\"email\\" name=\\"email\\" required=\\"\\"/></div><div class=\\"right\\"><label>Mobile phone: </label><input type=\\"tel\\" name=\\"phone\\" maxLength=\\"13\\" minLength=\\"10\\"/></div></div><input type=\\"submit\\" class=\\"submit\\" value=\\"Submit\\"/></form></div>"`;

exports[`<Form /> with no props should match the snapshot 1`] = `"<div class=\\"sc-bdVaJa hVPNmO\\"><form><div class=\\"row\\"><div class=\\"left\\"><label>First name: *</label><input type=\\"text\\" name=\\"firstname\\" required=\\"\\"/></div><div class=\\"right\\"><label>Last name: *</label><input type=\\"text\\" name=\\"surnamname\\" required=\\"\\"/></div></div><div class=\\"row\\"><div class=\\"left\\"><label>Email: *</label><input type=\\"email\\" name=\\"email\\" required=\\"\\"/></div><div class=\\"right\\"><label>Mobile phone: </label><input type=\\"tel\\" name=\\"phone\\" maxLength=\\"13\\" minLength=\\"10\\"/></div></div><input type=\\"submit\\" class=\\"submit\\" value=\\"Submit\\"/></form></div>"`;
