// Jest Snapshot v1, https://goo.gl/fbAQLP

exports[`<Header /> with no props should match the snapshot 1`] = `"<div class=\\"sc-bdVaJa hODwFO\\"><header class=\\"App-header\\"><img class=\\"logo\\" src=\\"https://www.southerncrossaustereo.com.au:443/media/1973/logo-sca.svg\\" alt=\\"SCA\\" title=\\"SCA\\"/><h3>Subscribe</h3></header></div>"`;
