// Jest Snapshot v1, https://goo.gl/fbAQLP

exports[`<Header /> with no props should match the snapshot 1`] = `"<div class=\\"sc-bdVaJa ezOdnT\\"><header class=\\"App-header\\"><img class=\\"logo\\" src=\\"https://www.southerncrossaustereo.com.au:443/media/1973/logo-sca.svg\\" alt=\\"SCA\\" title=\\"SCA\\"/></header></div>"`;
